// Jest Snapshot v1, https://goo.gl/fbAQLP

exports[`<Cards/> Should render component 1`] = `
<Cards
  cards={
    Object {
      "11": Object {
        "id": "11",
        "note": "i love you",
        "pictures": "animals",
        "subtitle": "adam",
        "title": "mr",
      },
    }
  }
  deleteCard={[MockFunction]}
  fetchCards={
    [MockFunction] {
      "calls": Array [
        Array [
          undefined,
        ],
      ],
      "results": Array [
        Object {
          "isThrow": false,
          "value": undefined,
        },
      ],
    }
  }
  removeCardEle={[MockFunction]}
>
  <div>
    <Card
      card={
        Object {
          "11": Object {
            "id": "11",
            "note": "i love you",
            "pictures": "animals",
            "subtitle": "adam",
            "title": "mr",
          },
        }
      }
      deletedCard={[Function]}
    >
      <div
        className="Card"
      >
        <ul>
          <CardList
            deletedCard={[Function]}
            id="11"
            key="11"
            note="i love you"
            pictures="animals"
            subtitle="adam"
            title="mr"
          >
            <li
              className="Cardlist"
              data-id="11"
            >
              <CloseIcon
                deletedCard={[Function]}
              >
                <button
                  className="close"
                  onClick={[Function]}
                >
                  <img
                    height="30"
                    src=""
                    width="30"
                  />
                </button>
              </CloseIcon>
              <CardTitle
                pictures="animals"
                subtitle="adam"
                title="mr"
              >
                <div
                  className="CardTitle"
                >
                  <div
                    className="CardImage"
                  >
                    <img
                      src="https://placeimg.com/300/200/animals"
                    />
                  </div>
                  <div>
                    <h5>
                      mr
                    </h5>
                    <p>
                      adam
                    </p>
                  </div>
                </div>
              </CardTitle>
              <CardImage
                pictures="animals"
              >
                <div
                  className="CardImage"
                >
                  <img
                    src="https://placeimg.com/300/200/animals"
                  />
                </div>
              </CardImage>
              <CardPara
                note="i love you"
              >
                <div
                  className="CardPara"
                >
                  <p>
                    i love you
                  </p>
                </div>
              </CardPara>
            </li>
          </CardList>
        </ul>
      </div>
    </Card>
  </div>
</Cards>
`;
