// Jest Snapshot v1, https://goo.gl/fbAQLP

exports[`<Cards/> Should render component 1`] = `
ReactWrapper {
  Symbol(enzyme.__renderer__): Object {
    "batchedUpdates": [Function],
    "getNode": [Function],
    "getWrappingComponentRenderer": [Function],
    "render": [Function],
    "simulateError": [Function],
    "simulateEvent": [Function],
    "unmount": [Function],
  },
  Symbol(enzyme.__root__): [Circular],
  Symbol(enzyme.__node__): Object {
    "instance": null,
    "key": undefined,
    "nodeType": "function",
    "props": Object {},
    "ref": null,
    "rendered": Object {
      "instance": <div>
        <div
          class="Card"
        >
          <ul>
            <li
              class="cardWrap"
            >
              <div
                class="CardTitle"
              >
                <div
                  class="CardImage"
                >
                  <img
                    src="https://placeimg.com/80/80/animals"
                  />
                </div>
                <div>
                  <h5>
                    My Card Title
                  </h5>
                  <p>
                    My Card Subtitle
                  </p>
                </div>
              </div>
              <div
                class="CardImage"
              >
                <img
                  src="https://placeimg.com/300/200/animals"
                />
              </div>
              <div
                class="CardPara"
              >
                <p>
                  Cat meoooow i iz master of hoomaan, not hoomaan master of i, oooh damn dat dog poop on floor and watch human clean up, cough. Chase imaginary bugs rub face on everything 𝕄𝔼𝕆𝕎 the door is opening! how exciting oh, it's you, meh yet bleghbleghvomit my furball really tie the room together tuxedo cats always looking dapper and catto munch salmono.
                </p>
              </div>
            </li>
            <li
              class="cardWrap"
            >
              <div
                class="CardTitle"
              >
                <div
                  class="CardImage"
                >
                  <img
                    src="https://placeimg.com/80/80/animals"
                  />
                </div>
                <div>
                  <h5>
                    My Card Title
                  </h5>
                  <p>
                    My Card Subtitle
                  </p>
                </div>
              </div>
              <div
                class="CardImage"
              >
                <img
                  src="https://placeimg.com/300/200/animals"
                />
              </div>
              <div
                class="CardPara"
              >
                <p>
                  Cat meoooow i iz master of hoomaan, not hoomaan master of i, oooh damn dat dog poop on floor and watch human clean up, cough. Chase imaginary bugs rub face on everything 𝕄𝔼𝕆𝕎 the door is opening! how exciting oh, it's you, meh yet bleghbleghvomit my furball really tie the room together tuxedo cats always looking dapper and catto munch salmono.
                </p>
              </div>
            </li>
          </ul>
        </div>
      </div>,
      "key": undefined,
      "nodeType": "host",
      "props": Object {
        "children": <Card />,
      },
      "ref": null,
      "rendered": Array [
        Object {
          "instance": null,
          "key": undefined,
          "nodeType": "function",
          "props": Object {},
          "ref": null,
          "rendered": Object {
            "instance": <div
              class="Card"
            >
              <ul>
                <li
                  class="cardWrap"
                >
                  <div
                    class="CardTitle"
                  >
                    <div
                      class="CardImage"
                    >
                      <img
                        src="https://placeimg.com/80/80/animals"
                      />
                    </div>
                    <div>
                      <h5>
                        My Card Title
                      </h5>
                      <p>
                        My Card Subtitle
                      </p>
                    </div>
                  </div>
                  <div
                    class="CardImage"
                  >
                    <img
                      src="https://placeimg.com/300/200/animals"
                    />
                  </div>
                  <div
                    class="CardPara"
                  >
                    <p>
                      Cat meoooow i iz master of hoomaan, not hoomaan master of i, oooh damn dat dog poop on floor and watch human clean up, cough. Chase imaginary bugs rub face on everything 𝕄𝔼𝕆𝕎 the door is opening! how exciting oh, it's you, meh yet bleghbleghvomit my furball really tie the room together tuxedo cats always looking dapper and catto munch salmono.
                    </p>
                  </div>
                </li>
                <li
                  class="cardWrap"
                >
                  <div
                    class="CardTitle"
                  >
                    <div
                      class="CardImage"
                    >
                      <img
                        src="https://placeimg.com/80/80/animals"
                      />
                    </div>
                    <div>
                      <h5>
                        My Card Title
                      </h5>
                      <p>
                        My Card Subtitle
                      </p>
                    </div>
                  </div>
                  <div
                    class="CardImage"
                  >
                    <img
                      src="https://placeimg.com/300/200/animals"
                    />
                  </div>
                  <div
                    class="CardPara"
                  >
                    <p>
                      Cat meoooow i iz master of hoomaan, not hoomaan master of i, oooh damn dat dog poop on floor and watch human clean up, cough. Chase imaginary bugs rub face on everything 𝕄𝔼𝕆𝕎 the door is opening! how exciting oh, it's you, meh yet bleghbleghvomit my furball really tie the room together tuxedo cats always looking dapper and catto munch salmono.
                    </p>
                  </div>
                </li>
              </ul>
            </div>,
            "key": undefined,
            "nodeType": "host",
            "props": Object {
              "children": <ul>
                <li
                  className="cardWrap"
                >
                  <CardTitle />
                  <CardImage />
                  <CardPara />
                </li>
                <li
                  className="cardWrap"
                >
                  <CardTitle />
                  <CardImage />
                  <CardPara />
                </li>
              </ul>,
              "className": "Card",
            },
            "ref": null,
            "rendered": Array [
              Object {
                "instance": <ul>
                  <li
                    class="cardWrap"
                  >
                    <div
                      class="CardTitle"
                    >
                      <div
                        class="CardImage"
                      >
                        <img
                          src="https://placeimg.com/80/80/animals"
                        />
                      </div>
                      <div>
                        <h5>
                          My Card Title
                        </h5>
                        <p>
                          My Card Subtitle
                        </p>
                      </div>
                    </div>
                    <div
                      class="CardImage"
                    >
                      <img
                        src="https://placeimg.com/300/200/animals"
                      />
                    </div>
                    <div
                      class="CardPara"
                    >
                      <p>
                        Cat meoooow i iz master of hoomaan, not hoomaan master of i, oooh damn dat dog poop on floor and watch human clean up, cough. Chase imaginary bugs rub face on everything 𝕄𝔼𝕆𝕎 the door is opening! how exciting oh, it's you, meh yet bleghbleghvomit my furball really tie the room together tuxedo cats always looking dapper and catto munch salmono.
                      </p>
                    </div>
                  </li>
                  <li
                    class="cardWrap"
                  >
                    <div
                      class="CardTitle"
                    >
                      <div
                        class="CardImage"
                      >
                        <img
                          src="https://placeimg.com/80/80/animals"
                        />
                      </div>
                      <div>
                        <h5>
                          My Card Title
                        </h5>
                        <p>
                          My Card Subtitle
                        </p>
                      </div>
                    </div>
                    <div
                      class="CardImage"
                    >
                      <img
                        src="https://placeimg.com/300/200/animals"
                      />
                    </div>
                    <div
                      class="CardPara"
                    >
                      <p>
                        Cat meoooow i iz master of hoomaan, not hoomaan master of i, oooh damn dat dog poop on floor and watch human clean up, cough. Chase imaginary bugs rub face on everything 𝕄𝔼𝕆𝕎 the door is opening! how exciting oh, it's you, meh yet bleghbleghvomit my furball really tie the room together tuxedo cats always looking dapper and catto munch salmono.
                      </p>
                    </div>
                  </li>
                </ul>,
                "key": undefined,
                "nodeType": "host",
                "props": Object {
                  "children": Array [
                    <li
                      className="cardWrap"
                    >
                      <CardTitle />
                      <CardImage />
                      <CardPara />
                    </li>,
                    <li
                      className="cardWrap"
                    >
                      <CardTitle />
                      <CardImage />
                      <CardPara />
                    </li>,
                  ],
                },
                "ref": null,
                "rendered": Array [
                  Object {
                    "instance": <li
                      class="cardWrap"
                    >
                      <div
                        class="CardTitle"
                      >
                        <div
                          class="CardImage"
                        >
                          <img
                            src="https://placeimg.com/80/80/animals"
                          />
                        </div>
                        <div>
                          <h5>
                            My Card Title
                          </h5>
                          <p>
                            My Card Subtitle
                          </p>
                        </div>
                      </div>
                      <div
                        class="CardImage"
                      >
                        <img
                          src="https://placeimg.com/300/200/animals"
                        />
                      </div>
                      <div
                        class="CardPara"
                      >
                        <p>
                          Cat meoooow i iz master of hoomaan, not hoomaan master of i, oooh damn dat dog poop on floor and watch human clean up, cough. Chase imaginary bugs rub face on everything 𝕄𝔼𝕆𝕎 the door is opening! how exciting oh, it's you, meh yet bleghbleghvomit my furball really tie the room together tuxedo cats always looking dapper and catto munch salmono.
                        </p>
                      </div>
                    </li>,
                    "key": undefined,
                    "nodeType": "host",
                    "props": Object {
                      "children": Array [
                        <CardTitle />,
                        <CardImage />,
                        <CardPara />,
                      ],
                      "className": "cardWrap",
                    },
                    "ref": null,
                    "rendered": Array [
                      Object {
                        "instance": null,
                        "key": undefined,
                        "nodeType": "function",
                        "props": Object {},
                        "ref": null,
                        "rendered": Object {
                          "instance": <div
                            class="CardTitle"
                          >
                            <div
                              class="CardImage"
                            >
                              <img
                                src="https://placeimg.com/80/80/animals"
                              />
                            </div>
                            <div>
                              <h5>
                                My Card Title
                              </h5>
                              <p>
                                My Card Subtitle
                              </p>
                            </div>
                          </div>,
                          "key": undefined,
                          "nodeType": "host",
                          "props": Object {
                            "children": Array [
                              <div
                                className="CardImage"
                              >
                                <img
                                  src="https://placeimg.com/80/80/animals"
                                />
                              </div>,
                              <div>
                                <h5>
                                  My Card Title
                                </h5>
                                <p>
                                  My Card Subtitle
                                </p>
                              </div>,
                            ],
                            "className": "CardTitle",
                          },
                          "ref": null,
                          "rendered": Array [
                            Object {
                              "instance": <div
                                class="CardImage"
                              >
                                <img
                                  src="https://placeimg.com/80/80/animals"
                                />
                              </div>,
                              "key": undefined,
                              "nodeType": "host",
                              "props": Object {
                                "children": <img
                                  src="https://placeimg.com/80/80/animals"
                                />,
                                "className": "CardImage",
                              },
                              "ref": null,
                              "rendered": Array [
                                Object {
                                  "instance": <img
                                    src="https://placeimg.com/80/80/animals"
                                  />,
                                  "key": undefined,
                                  "nodeType": "host",
                                  "props": Object {
                                    "src": "https://placeimg.com/80/80/animals",
                                  },
                                  "ref": null,
                                  "rendered": Array [
                                    undefined,
                                  ],
                                  "type": "img",
                                },
                              ],
                              "type": "div",
                            },
                            Object {
                              "instance": <div>
                                <h5>
                                  My Card Title
                                </h5>
                                <p>
                                  My Card Subtitle
                                </p>
                              </div>,
                              "key": undefined,
                              "nodeType": "host",
                              "props": Object {
                                "children": Array [
                                  <h5>
                                    My Card Title
                                  </h5>,
                                  <p>
                                    My Card Subtitle
                                  </p>,
                                ],
                              },
                              "ref": null,
                              "rendered": Array [
                                Object {
                                  "instance": <h5>
                                    My Card Title
                                  </h5>,
                                  "key": undefined,
                                  "nodeType": "host",
                                  "props": Object {
                                    "children": "My Card Title",
                                  },
                                  "ref": null,
                                  "rendered": Array [
                                    "My Card Title",
                                  ],
                                  "type": "h5",
                                },
                                Object {
                                  "instance": <p>
                                    My Card Subtitle
                                  </p>,
                                  "key": undefined,
                                  "nodeType": "host",
                                  "props": Object {
                                    "children": "My Card Subtitle",
                                  },
                                  "ref": null,
                                  "rendered": Array [
                                    "My Card Subtitle",
                                  ],
                                  "type": "p",
                                },
                              ],
                              "type": "div",
                            },
                          ],
                          "type": "div",
                        },
                        "type": [Function],
                      },
                      Object {
                        "instance": null,
                        "key": undefined,
                        "nodeType": "function",
                        "props": Object {},
                        "ref": null,
                        "rendered": Object {
                          "instance": <div
                            class="CardImage"
                          >
                            <img
                              src="https://placeimg.com/300/200/animals"
                            />
                          </div>,
                          "key": undefined,
                          "nodeType": "host",
                          "props": Object {
                            "children": <img
                              src="https://placeimg.com/300/200/animals"
                            />,
                            "className": "CardImage",
                          },
                          "ref": null,
                          "rendered": Array [
                            Object {
                              "instance": <img
                                src="https://placeimg.com/300/200/animals"
                              />,
                              "key": undefined,
                              "nodeType": "host",
                              "props": Object {
                                "src": "https://placeimg.com/300/200/animals",
                              },
                              "ref": null,
                              "rendered": Array [
                                undefined,
                              ],
                              "type": "img",
                            },
                          ],
                          "type": "div",
                        },
                        "type": [Function],
                      },
                      Object {
                        "instance": null,
                        "key": undefined,
                        "nodeType": "function",
                        "props": Object {},
                        "ref": null,
                        "rendered": Object {
                          "instance": <div
                            class="CardPara"
                          >
                            <p>
                              Cat meoooow i iz master of hoomaan, not hoomaan master of i, oooh damn dat dog poop on floor and watch human clean up, cough. Chase imaginary bugs rub face on everything 𝕄𝔼𝕆𝕎 the door is opening! how exciting oh, it's you, meh yet bleghbleghvomit my furball really tie the room together tuxedo cats always looking dapper and catto munch salmono.
                            </p>
                          </div>,
                          "key": undefined,
                          "nodeType": "host",
                          "props": Object {
                            "children": <p>
                              Cat meoooow i iz master of hoomaan, not hoomaan master of i, oooh damn dat dog poop on floor and watch human clean up, cough. Chase imaginary bugs rub face on everything 𝕄𝔼𝕆𝕎 the door is opening! how exciting oh, it's you, meh yet bleghbleghvomit my furball really tie the room together tuxedo cats always looking dapper and catto munch salmono.
                            </p>,
                            "className": "CardPara",
                          },
                          "ref": null,
                          "rendered": Array [
                            Object {
                              "instance": <p>
                                Cat meoooow i iz master of hoomaan, not hoomaan master of i, oooh damn dat dog poop on floor and watch human clean up, cough. Chase imaginary bugs rub face on everything 𝕄𝔼𝕆𝕎 the door is opening! how exciting oh, it's you, meh yet bleghbleghvomit my furball really tie the room together tuxedo cats always looking dapper and catto munch salmono.
                              </p>,
                              "key": undefined,
                              "nodeType": "host",
                              "props": Object {
                                "children": "Cat meoooow i iz master of hoomaan, not hoomaan master of i, oooh damn dat dog poop on floor and watch human clean up, cough. Chase imaginary bugs rub face on everything 𝕄𝔼𝕆𝕎 the door is opening! how exciting oh, it's you, meh yet bleghbleghvomit my furball really tie the room together tuxedo cats always looking dapper and catto munch salmono.",
                              },
                              "ref": null,
                              "rendered": Array [
                                "Cat meoooow i iz master of hoomaan, not hoomaan master of i, oooh damn dat dog poop on floor and watch human clean up, cough. Chase imaginary bugs rub face on everything 𝕄𝔼𝕆𝕎 the door is opening! how exciting oh, it's you, meh yet bleghbleghvomit my furball really tie the room together tuxedo cats always looking dapper and catto munch salmono.",
                              ],
                              "type": "p",
                            },
                          ],
                          "type": "div",
                        },
                        "type": [Function],
                      },
                    ],
                    "type": "li",
                  },
                  Object {
                    "instance": <li
                      class="cardWrap"
                    >
                      <div
                        class="CardTitle"
                      >
                        <div
                          class="CardImage"
                        >
                          <img
                            src="https://placeimg.com/80/80/animals"
                          />
                        </div>
                        <div>
                          <h5>
                            My Card Title
                          </h5>
                          <p>
                            My Card Subtitle
                          </p>
                        </div>
                      </div>
                      <div
                        class="CardImage"
                      >
                        <img
                          src="https://placeimg.com/300/200/animals"
                        />
                      </div>
                      <div
                        class="CardPara"
                      >
                        <p>
                          Cat meoooow i iz master of hoomaan, not hoomaan master of i, oooh damn dat dog poop on floor and watch human clean up, cough. Chase imaginary bugs rub face on everything 𝕄𝔼𝕆𝕎 the door is opening! how exciting oh, it's you, meh yet bleghbleghvomit my furball really tie the room together tuxedo cats always looking dapper and catto munch salmono.
                        </p>
                      </div>
                    </li>,
                    "key": undefined,
                    "nodeType": "host",
                    "props": Object {
                      "children": Array [
                        <CardTitle />,
                        <CardImage />,
                        <CardPara />,
                      ],
                      "className": "cardWrap",
                    },
                    "ref": null,
                    "rendered": Array [
                      Object {
                        "instance": null,
                        "key": undefined,
                        "nodeType": "function",
                        "props": Object {},
                        "ref": null,
                        "rendered": Object {
                          "instance": <div
                            class="CardTitle"
                          >
                            <div
                              class="CardImage"
                            >
                              <img
                                src="https://placeimg.com/80/80/animals"
                              />
                            </div>
                            <div>
                              <h5>
                                My Card Title
                              </h5>
                              <p>
                                My Card Subtitle
                              </p>
                            </div>
                          </div>,
                          "key": undefined,
                          "nodeType": "host",
                          "props": Object {
                            "children": Array [
                              <div
                                className="CardImage"
                              >
                                <img
                                  src="https://placeimg.com/80/80/animals"
                                />
                              </div>,
                              <div>
                                <h5>
                                  My Card Title
                                </h5>
                                <p>
                                  My Card Subtitle
                                </p>
                              </div>,
                            ],
                            "className": "CardTitle",
                          },
                          "ref": null,
                          "rendered": Array [
                            Object {
                              "instance": <div
                                class="CardImage"
                              >
                                <img
                                  src="https://placeimg.com/80/80/animals"
                                />
                              </div>,
                              "key": undefined,
                              "nodeType": "host",
                              "props": Object {
                                "children": <img
                                  src="https://placeimg.com/80/80/animals"
                                />,
                                "className": "CardImage",
                              },
                              "ref": null,
                              "rendered": Array [
                                Object {
                                  "instance": <img
                                    src="https://placeimg.com/80/80/animals"
                                  />,
                                  "key": undefined,
                                  "nodeType": "host",
                                  "props": Object {
                                    "src": "https://placeimg.com/80/80/animals",
                                  },
                                  "ref": null,
                                  "rendered": Array [
                                    undefined,
                                  ],
                                  "type": "img",
                                },
                              ],
                              "type": "div",
                            },
                            Object {
                              "instance": <div>
                                <h5>
                                  My Card Title
                                </h5>
                                <p>
                                  My Card Subtitle
                                </p>
                              </div>,
                              "key": undefined,
                              "nodeType": "host",
                              "props": Object {
                                "children": Array [
                                  <h5>
                                    My Card Title
                                  </h5>,
                                  <p>
                                    My Card Subtitle
                                  </p>,
                                ],
                              },
                              "ref": null,
                              "rendered": Array [
                                Object {
                                  "instance": <h5>
                                    My Card Title
                                  </h5>,
                                  "key": undefined,
                                  "nodeType": "host",
                                  "props": Object {
                                    "children": "My Card Title",
                                  },
                                  "ref": null,
                                  "rendered": Array [
                                    "My Card Title",
                                  ],
                                  "type": "h5",
                                },
                                Object {
                                  "instance": <p>
                                    My Card Subtitle
                                  </p>,
                                  "key": undefined,
                                  "nodeType": "host",
                                  "props": Object {
                                    "children": "My Card Subtitle",
                                  },
                                  "ref": null,
                                  "rendered": Array [
                                    "My Card Subtitle",
                                  ],
                                  "type": "p",
                                },
                              ],
                              "type": "div",
                            },
                          ],
                          "type": "div",
                        },
                        "type": [Function],
                      },
                      Object {
                        "instance": null,
                        "key": undefined,
                        "nodeType": "function",
                        "props": Object {},
                        "ref": null,
                        "rendered": Object {
                          "instance": <div
                            class="CardImage"
                          >
                            <img
                              src="https://placeimg.com/300/200/animals"
                            />
                          </div>,
                          "key": undefined,
                          "nodeType": "host",
                          "props": Object {
                            "children": <img
                              src="https://placeimg.com/300/200/animals"
                            />,
                            "className": "CardImage",
                          },
                          "ref": null,
                          "rendered": Array [
                            Object {
                              "instance": <img
                                src="https://placeimg.com/300/200/animals"
                              />,
                              "key": undefined,
                              "nodeType": "host",
                              "props": Object {
                                "src": "https://placeimg.com/300/200/animals",
                              },
                              "ref": null,
                              "rendered": Array [
                                undefined,
                              ],
                              "type": "img",
                            },
                          ],
                          "type": "div",
                        },
                        "type": [Function],
                      },
                      Object {
                        "instance": null,
                        "key": undefined,
                        "nodeType": "function",
                        "props": Object {},
                        "ref": null,
                        "rendered": Object {
                          "instance": <div
                            class="CardPara"
                          >
                            <p>
                              Cat meoooow i iz master of hoomaan, not hoomaan master of i, oooh damn dat dog poop on floor and watch human clean up, cough. Chase imaginary bugs rub face on everything 𝕄𝔼𝕆𝕎 the door is opening! how exciting oh, it's you, meh yet bleghbleghvomit my furball really tie the room together tuxedo cats always looking dapper and catto munch salmono.
                            </p>
                          </div>,
                          "key": undefined,
                          "nodeType": "host",
                          "props": Object {
                            "children": <p>
                              Cat meoooow i iz master of hoomaan, not hoomaan master of i, oooh damn dat dog poop on floor and watch human clean up, cough. Chase imaginary bugs rub face on everything 𝕄𝔼𝕆𝕎 the door is opening! how exciting oh, it's you, meh yet bleghbleghvomit my furball really tie the room together tuxedo cats always looking dapper and catto munch salmono.
                            </p>,
                            "className": "CardPara",
                          },
                          "ref": null,
                          "rendered": Array [
                            Object {
                              "instance": <p>
                                Cat meoooow i iz master of hoomaan, not hoomaan master of i, oooh damn dat dog poop on floor and watch human clean up, cough. Chase imaginary bugs rub face on everything 𝕄𝔼𝕆𝕎 the door is opening! how exciting oh, it's you, meh yet bleghbleghvomit my furball really tie the room together tuxedo cats always looking dapper and catto munch salmono.
                              </p>,
                              "key": undefined,
                              "nodeType": "host",
                              "props": Object {
                                "children": "Cat meoooow i iz master of hoomaan, not hoomaan master of i, oooh damn dat dog poop on floor and watch human clean up, cough. Chase imaginary bugs rub face on everything 𝕄𝔼𝕆𝕎 the door is opening! how exciting oh, it's you, meh yet bleghbleghvomit my furball really tie the room together tuxedo cats always looking dapper and catto munch salmono.",
                              },
                              "ref": null,
                              "rendered": Array [
                                "Cat meoooow i iz master of hoomaan, not hoomaan master of i, oooh damn dat dog poop on floor and watch human clean up, cough. Chase imaginary bugs rub face on everything 𝕄𝔼𝕆𝕎 the door is opening! how exciting oh, it's you, meh yet bleghbleghvomit my furball really tie the room together tuxedo cats always looking dapper and catto munch salmono.",
                              ],
                              "type": "p",
                            },
                          ],
                          "type": "div",
                        },
                        "type": [Function],
                      },
                    ],
                    "type": "li",
                  },
                ],
                "type": "ul",
              },
            ],
            "type": "div",
          },
          "type": [Function],
        },
      ],
      "type": "div",
    },
    "type": [Function],
  },
  Symbol(enzyme.__nodes__): Array [
    Object {
      "instance": null,
      "key": undefined,
      "nodeType": "function",
      "props": Object {},
      "ref": null,
      "rendered": Object {
        "instance": <div>
          <div
            class="Card"
          >
            <ul>
              <li
                class="cardWrap"
              >
                <div
                  class="CardTitle"
                >
                  <div
                    class="CardImage"
                  >
                    <img
                      src="https://placeimg.com/80/80/animals"
                    />
                  </div>
                  <div>
                    <h5>
                      My Card Title
                    </h5>
                    <p>
                      My Card Subtitle
                    </p>
                  </div>
                </div>
                <div
                  class="CardImage"
                >
                  <img
                    src="https://placeimg.com/300/200/animals"
                  />
                </div>
                <div
                  class="CardPara"
                >
                  <p>
                    Cat meoooow i iz master of hoomaan, not hoomaan master of i, oooh damn dat dog poop on floor and watch human clean up, cough. Chase imaginary bugs rub face on everything 𝕄𝔼𝕆𝕎 the door is opening! how exciting oh, it's you, meh yet bleghbleghvomit my furball really tie the room together tuxedo cats always looking dapper and catto munch salmono.
                  </p>
                </div>
              </li>
              <li
                class="cardWrap"
              >
                <div
                  class="CardTitle"
                >
                  <div
                    class="CardImage"
                  >
                    <img
                      src="https://placeimg.com/80/80/animals"
                    />
                  </div>
                  <div>
                    <h5>
                      My Card Title
                    </h5>
                    <p>
                      My Card Subtitle
                    </p>
                  </div>
                </div>
                <div
                  class="CardImage"
                >
                  <img
                    src="https://placeimg.com/300/200/animals"
                  />
                </div>
                <div
                  class="CardPara"
                >
                  <p>
                    Cat meoooow i iz master of hoomaan, not hoomaan master of i, oooh damn dat dog poop on floor and watch human clean up, cough. Chase imaginary bugs rub face on everything 𝕄𝔼𝕆𝕎 the door is opening! how exciting oh, it's you, meh yet bleghbleghvomit my furball really tie the room together tuxedo cats always looking dapper and catto munch salmono.
                  </p>
                </div>
              </li>
            </ul>
          </div>
        </div>,
        "key": undefined,
        "nodeType": "host",
        "props": Object {
          "children": <Card />,
        },
        "ref": null,
        "rendered": Array [
          Object {
            "instance": null,
            "key": undefined,
            "nodeType": "function",
            "props": Object {},
            "ref": null,
            "rendered": Object {
              "instance": <div
                class="Card"
              >
                <ul>
                  <li
                    class="cardWrap"
                  >
                    <div
                      class="CardTitle"
                    >
                      <div
                        class="CardImage"
                      >
                        <img
                          src="https://placeimg.com/80/80/animals"
                        />
                      </div>
                      <div>
                        <h5>
                          My Card Title
                        </h5>
                        <p>
                          My Card Subtitle
                        </p>
                      </div>
                    </div>
                    <div
                      class="CardImage"
                    >
                      <img
                        src="https://placeimg.com/300/200/animals"
                      />
                    </div>
                    <div
                      class="CardPara"
                    >
                      <p>
                        Cat meoooow i iz master of hoomaan, not hoomaan master of i, oooh damn dat dog poop on floor and watch human clean up, cough. Chase imaginary bugs rub face on everything 𝕄𝔼𝕆𝕎 the door is opening! how exciting oh, it's you, meh yet bleghbleghvomit my furball really tie the room together tuxedo cats always looking dapper and catto munch salmono.
                      </p>
                    </div>
                  </li>
                  <li
                    class="cardWrap"
                  >
                    <div
                      class="CardTitle"
                    >
                      <div
                        class="CardImage"
                      >
                        <img
                          src="https://placeimg.com/80/80/animals"
                        />
                      </div>
                      <div>
                        <h5>
                          My Card Title
                        </h5>
                        <p>
                          My Card Subtitle
                        </p>
                      </div>
                    </div>
                    <div
                      class="CardImage"
                    >
                      <img
                        src="https://placeimg.com/300/200/animals"
                      />
                    </div>
                    <div
                      class="CardPara"
                    >
                      <p>
                        Cat meoooow i iz master of hoomaan, not hoomaan master of i, oooh damn dat dog poop on floor and watch human clean up, cough. Chase imaginary bugs rub face on everything 𝕄𝔼𝕆𝕎 the door is opening! how exciting oh, it's you, meh yet bleghbleghvomit my furball really tie the room together tuxedo cats always looking dapper and catto munch salmono.
                      </p>
                    </div>
                  </li>
                </ul>
              </div>,
              "key": undefined,
              "nodeType": "host",
              "props": Object {
                "children": <ul>
                  <li
                    className="cardWrap"
                  >
                    <CardTitle />
                    <CardImage />
                    <CardPara />
                  </li>
                  <li
                    className="cardWrap"
                  >
                    <CardTitle />
                    <CardImage />
                    <CardPara />
                  </li>
                </ul>,
                "className": "Card",
              },
              "ref": null,
              "rendered": Array [
                Object {
                  "instance": <ul>
                    <li
                      class="cardWrap"
                    >
                      <div
                        class="CardTitle"
                      >
                        <div
                          class="CardImage"
                        >
                          <img
                            src="https://placeimg.com/80/80/animals"
                          />
                        </div>
                        <div>
                          <h5>
                            My Card Title
                          </h5>
                          <p>
                            My Card Subtitle
                          </p>
                        </div>
                      </div>
                      <div
                        class="CardImage"
                      >
                        <img
                          src="https://placeimg.com/300/200/animals"
                        />
                      </div>
                      <div
                        class="CardPara"
                      >
                        <p>
                          Cat meoooow i iz master of hoomaan, not hoomaan master of i, oooh damn dat dog poop on floor and watch human clean up, cough. Chase imaginary bugs rub face on everything 𝕄𝔼𝕆𝕎 the door is opening! how exciting oh, it's you, meh yet bleghbleghvomit my furball really tie the room together tuxedo cats always looking dapper and catto munch salmono.
                        </p>
                      </div>
                    </li>
                    <li
                      class="cardWrap"
                    >
                      <div
                        class="CardTitle"
                      >
                        <div
                          class="CardImage"
                        >
                          <img
                            src="https://placeimg.com/80/80/animals"
                          />
                        </div>
                        <div>
                          <h5>
                            My Card Title
                          </h5>
                          <p>
                            My Card Subtitle
                          </p>
                        </div>
                      </div>
                      <div
                        class="CardImage"
                      >
                        <img
                          src="https://placeimg.com/300/200/animals"
                        />
                      </div>
                      <div
                        class="CardPara"
                      >
                        <p>
                          Cat meoooow i iz master of hoomaan, not hoomaan master of i, oooh damn dat dog poop on floor and watch human clean up, cough. Chase imaginary bugs rub face on everything 𝕄𝔼𝕆𝕎 the door is opening! how exciting oh, it's you, meh yet bleghbleghvomit my furball really tie the room together tuxedo cats always looking dapper and catto munch salmono.
                        </p>
                      </div>
                    </li>
                  </ul>,
                  "key": undefined,
                  "nodeType": "host",
                  "props": Object {
                    "children": Array [
                      <li
                        className="cardWrap"
                      >
                        <CardTitle />
                        <CardImage />
                        <CardPara />
                      </li>,
                      <li
                        className="cardWrap"
                      >
                        <CardTitle />
                        <CardImage />
                        <CardPara />
                      </li>,
                    ],
                  },
                  "ref": null,
                  "rendered": Array [
                    Object {
                      "instance": <li
                        class="cardWrap"
                      >
                        <div
                          class="CardTitle"
                        >
                          <div
                            class="CardImage"
                          >
                            <img
                              src="https://placeimg.com/80/80/animals"
                            />
                          </div>
                          <div>
                            <h5>
                              My Card Title
                            </h5>
                            <p>
                              My Card Subtitle
                            </p>
                          </div>
                        </div>
                        <div
                          class="CardImage"
                        >
                          <img
                            src="https://placeimg.com/300/200/animals"
                          />
                        </div>
                        <div
                          class="CardPara"
                        >
                          <p>
                            Cat meoooow i iz master of hoomaan, not hoomaan master of i, oooh damn dat dog poop on floor and watch human clean up, cough. Chase imaginary bugs rub face on everything 𝕄𝔼𝕆𝕎 the door is opening! how exciting oh, it's you, meh yet bleghbleghvomit my furball really tie the room together tuxedo cats always looking dapper and catto munch salmono.
                          </p>
                        </div>
                      </li>,
                      "key": undefined,
                      "nodeType": "host",
                      "props": Object {
                        "children": Array [
                          <CardTitle />,
                          <CardImage />,
                          <CardPara />,
                        ],
                        "className": "cardWrap",
                      },
                      "ref": null,
                      "rendered": Array [
                        Object {
                          "instance": null,
                          "key": undefined,
                          "nodeType": "function",
                          "props": Object {},
                          "ref": null,
                          "rendered": Object {
                            "instance": <div
                              class="CardTitle"
                            >
                              <div
                                class="CardImage"
                              >
                                <img
                                  src="https://placeimg.com/80/80/animals"
                                />
                              </div>
                              <div>
                                <h5>
                                  My Card Title
                                </h5>
                                <p>
                                  My Card Subtitle
                                </p>
                              </div>
                            </div>,
                            "key": undefined,
                            "nodeType": "host",
                            "props": Object {
                              "children": Array [
                                <div
                                  className="CardImage"
                                >
                                  <img
                                    src="https://placeimg.com/80/80/animals"
                                  />
                                </div>,
                                <div>
                                  <h5>
                                    My Card Title
                                  </h5>
                                  <p>
                                    My Card Subtitle
                                  </p>
                                </div>,
                              ],
                              "className": "CardTitle",
                            },
                            "ref": null,
                            "rendered": Array [
                              Object {
                                "instance": <div
                                  class="CardImage"
                                >
                                  <img
                                    src="https://placeimg.com/80/80/animals"
                                  />
                                </div>,
                                "key": undefined,
                                "nodeType": "host",
                                "props": Object {
                                  "children": <img
                                    src="https://placeimg.com/80/80/animals"
                                  />,
                                  "className": "CardImage",
                                },
                                "ref": null,
                                "rendered": Array [
                                  Object {
                                    "instance": <img
                                      src="https://placeimg.com/80/80/animals"
                                    />,
                                    "key": undefined,
                                    "nodeType": "host",
                                    "props": Object {
                                      "src": "https://placeimg.com/80/80/animals",
                                    },
                                    "ref": null,
                                    "rendered": Array [
                                      undefined,
                                    ],
                                    "type": "img",
                                  },
                                ],
                                "type": "div",
                              },
                              Object {
                                "instance": <div>
                                  <h5>
                                    My Card Title
                                  </h5>
                                  <p>
                                    My Card Subtitle
                                  </p>
                                </div>,
                                "key": undefined,
                                "nodeType": "host",
                                "props": Object {
                                  "children": Array [
                                    <h5>
                                      My Card Title
                                    </h5>,
                                    <p>
                                      My Card Subtitle
                                    </p>,
                                  ],
                                },
                                "ref": null,
                                "rendered": Array [
                                  Object {
                                    "instance": <h5>
                                      My Card Title
                                    </h5>,
                                    "key": undefined,
                                    "nodeType": "host",
                                    "props": Object {
                                      "children": "My Card Title",
                                    },
                                    "ref": null,
                                    "rendered": Array [
                                      "My Card Title",
                                    ],
                                    "type": "h5",
                                  },
                                  Object {
                                    "instance": <p>
                                      My Card Subtitle
                                    </p>,
                                    "key": undefined,
                                    "nodeType": "host",
                                    "props": Object {
                                      "children": "My Card Subtitle",
                                    },
                                    "ref": null,
                                    "rendered": Array [
                                      "My Card Subtitle",
                                    ],
                                    "type": "p",
                                  },
                                ],
                                "type": "div",
                              },
                            ],
                            "type": "div",
                          },
                          "type": [Function],
                        },
                        Object {
                          "instance": null,
                          "key": undefined,
                          "nodeType": "function",
                          "props": Object {},
                          "ref": null,
                          "rendered": Object {
                            "instance": <div
                              class="CardImage"
                            >
                              <img
                                src="https://placeimg.com/300/200/animals"
                              />
                            </div>,
                            "key": undefined,
                            "nodeType": "host",
                            "props": Object {
                              "children": <img
                                src="https://placeimg.com/300/200/animals"
                              />,
                              "className": "CardImage",
                            },
                            "ref": null,
                            "rendered": Array [
                              Object {
                                "instance": <img
                                  src="https://placeimg.com/300/200/animals"
                                />,
                                "key": undefined,
                                "nodeType": "host",
                                "props": Object {
                                  "src": "https://placeimg.com/300/200/animals",
                                },
                                "ref": null,
                                "rendered": Array [
                                  undefined,
                                ],
                                "type": "img",
                              },
                            ],
                            "type": "div",
                          },
                          "type": [Function],
                        },
                        Object {
                          "instance": null,
                          "key": undefined,
                          "nodeType": "function",
                          "props": Object {},
                          "ref": null,
                          "rendered": Object {
                            "instance": <div
                              class="CardPara"
                            >
                              <p>
                                Cat meoooow i iz master of hoomaan, not hoomaan master of i, oooh damn dat dog poop on floor and watch human clean up, cough. Chase imaginary bugs rub face on everything 𝕄𝔼𝕆𝕎 the door is opening! how exciting oh, it's you, meh yet bleghbleghvomit my furball really tie the room together tuxedo cats always looking dapper and catto munch salmono.
                              </p>
                            </div>,
                            "key": undefined,
                            "nodeType": "host",
                            "props": Object {
                              "children": <p>
                                Cat meoooow i iz master of hoomaan, not hoomaan master of i, oooh damn dat dog poop on floor and watch human clean up, cough. Chase imaginary bugs rub face on everything 𝕄𝔼𝕆𝕎 the door is opening! how exciting oh, it's you, meh yet bleghbleghvomit my furball really tie the room together tuxedo cats always looking dapper and catto munch salmono.
                              </p>,
                              "className": "CardPara",
                            },
                            "ref": null,
                            "rendered": Array [
                              Object {
                                "instance": <p>
                                  Cat meoooow i iz master of hoomaan, not hoomaan master of i, oooh damn dat dog poop on floor and watch human clean up, cough. Chase imaginary bugs rub face on everything 𝕄𝔼𝕆𝕎 the door is opening! how exciting oh, it's you, meh yet bleghbleghvomit my furball really tie the room together tuxedo cats always looking dapper and catto munch salmono.
                                </p>,
                                "key": undefined,
                                "nodeType": "host",
                                "props": Object {
                                  "children": "Cat meoooow i iz master of hoomaan, not hoomaan master of i, oooh damn dat dog poop on floor and watch human clean up, cough. Chase imaginary bugs rub face on everything 𝕄𝔼𝕆𝕎 the door is opening! how exciting oh, it's you, meh yet bleghbleghvomit my furball really tie the room together tuxedo cats always looking dapper and catto munch salmono.",
                                },
                                "ref": null,
                                "rendered": Array [
                                  "Cat meoooow i iz master of hoomaan, not hoomaan master of i, oooh damn dat dog poop on floor and watch human clean up, cough. Chase imaginary bugs rub face on everything 𝕄𝔼𝕆𝕎 the door is opening! how exciting oh, it's you, meh yet bleghbleghvomit my furball really tie the room together tuxedo cats always looking dapper and catto munch salmono.",
                                ],
                                "type": "p",
                              },
                            ],
                            "type": "div",
                          },
                          "type": [Function],
                        },
                      ],
                      "type": "li",
                    },
                    Object {
                      "instance": <li
                        class="cardWrap"
                      >
                        <div
                          class="CardTitle"
                        >
                          <div
                            class="CardImage"
                          >
                            <img
                              src="https://placeimg.com/80/80/animals"
                            />
                          </div>
                          <div>
                            <h5>
                              My Card Title
                            </h5>
                            <p>
                              My Card Subtitle
                            </p>
                          </div>
                        </div>
                        <div
                          class="CardImage"
                        >
                          <img
                            src="https://placeimg.com/300/200/animals"
                          />
                        </div>
                        <div
                          class="CardPara"
                        >
                          <p>
                            Cat meoooow i iz master of hoomaan, not hoomaan master of i, oooh damn dat dog poop on floor and watch human clean up, cough. Chase imaginary bugs rub face on everything 𝕄𝔼𝕆𝕎 the door is opening! how exciting oh, it's you, meh yet bleghbleghvomit my furball really tie the room together tuxedo cats always looking dapper and catto munch salmono.
                          </p>
                        </div>
                      </li>,
                      "key": undefined,
                      "nodeType": "host",
                      "props": Object {
                        "children": Array [
                          <CardTitle />,
                          <CardImage />,
                          <CardPara />,
                        ],
                        "className": "cardWrap",
                      },
                      "ref": null,
                      "rendered": Array [
                        Object {
                          "instance": null,
                          "key": undefined,
                          "nodeType": "function",
                          "props": Object {},
                          "ref": null,
                          "rendered": Object {
                            "instance": <div
                              class="CardTitle"
                            >
                              <div
                                class="CardImage"
                              >
                                <img
                                  src="https://placeimg.com/80/80/animals"
                                />
                              </div>
                              <div>
                                <h5>
                                  My Card Title
                                </h5>
                                <p>
                                  My Card Subtitle
                                </p>
                              </div>
                            </div>,
                            "key": undefined,
                            "nodeType": "host",
                            "props": Object {
                              "children": Array [
                                <div
                                  className="CardImage"
                                >
                                  <img
                                    src="https://placeimg.com/80/80/animals"
                                  />
                                </div>,
                                <div>
                                  <h5>
                                    My Card Title
                                  </h5>
                                  <p>
                                    My Card Subtitle
                                  </p>
                                </div>,
                              ],
                              "className": "CardTitle",
                            },
                            "ref": null,
                            "rendered": Array [
                              Object {
                                "instance": <div
                                  class="CardImage"
                                >
                                  <img
                                    src="https://placeimg.com/80/80/animals"
                                  />
                                </div>,
                                "key": undefined,
                                "nodeType": "host",
                                "props": Object {
                                  "children": <img
                                    src="https://placeimg.com/80/80/animals"
                                  />,
                                  "className": "CardImage",
                                },
                                "ref": null,
                                "rendered": Array [
                                  Object {
                                    "instance": <img
                                      src="https://placeimg.com/80/80/animals"
                                    />,
                                    "key": undefined,
                                    "nodeType": "host",
                                    "props": Object {
                                      "src": "https://placeimg.com/80/80/animals",
                                    },
                                    "ref": null,
                                    "rendered": Array [
                                      undefined,
                                    ],
                                    "type": "img",
                                  },
                                ],
                                "type": "div",
                              },
                              Object {
                                "instance": <div>
                                  <h5>
                                    My Card Title
                                  </h5>
                                  <p>
                                    My Card Subtitle
                                  </p>
                                </div>,
                                "key": undefined,
                                "nodeType": "host",
                                "props": Object {
                                  "children": Array [
                                    <h5>
                                      My Card Title
                                    </h5>,
                                    <p>
                                      My Card Subtitle
                                    </p>,
                                  ],
                                },
                                "ref": null,
                                "rendered": Array [
                                  Object {
                                    "instance": <h5>
                                      My Card Title
                                    </h5>,
                                    "key": undefined,
                                    "nodeType": "host",
                                    "props": Object {
                                      "children": "My Card Title",
                                    },
                                    "ref": null,
                                    "rendered": Array [
                                      "My Card Title",
                                    ],
                                    "type": "h5",
                                  },
                                  Object {
                                    "instance": <p>
                                      My Card Subtitle
                                    </p>,
                                    "key": undefined,
                                    "nodeType": "host",
                                    "props": Object {
                                      "children": "My Card Subtitle",
                                    },
                                    "ref": null,
                                    "rendered": Array [
                                      "My Card Subtitle",
                                    ],
                                    "type": "p",
                                  },
                                ],
                                "type": "div",
                              },
                            ],
                            "type": "div",
                          },
                          "type": [Function],
                        },
                        Object {
                          "instance": null,
                          "key": undefined,
                          "nodeType": "function",
                          "props": Object {},
                          "ref": null,
                          "rendered": Object {
                            "instance": <div
                              class="CardImage"
                            >
                              <img
                                src="https://placeimg.com/300/200/animals"
                              />
                            </div>,
                            "key": undefined,
                            "nodeType": "host",
                            "props": Object {
                              "children": <img
                                src="https://placeimg.com/300/200/animals"
                              />,
                              "className": "CardImage",
                            },
                            "ref": null,
                            "rendered": Array [
                              Object {
                                "instance": <img
                                  src="https://placeimg.com/300/200/animals"
                                />,
                                "key": undefined,
                                "nodeType": "host",
                                "props": Object {
                                  "src": "https://placeimg.com/300/200/animals",
                                },
                                "ref": null,
                                "rendered": Array [
                                  undefined,
                                ],
                                "type": "img",
                              },
                            ],
                            "type": "div",
                          },
                          "type": [Function],
                        },
                        Object {
                          "instance": null,
                          "key": undefined,
                          "nodeType": "function",
                          "props": Object {},
                          "ref": null,
                          "rendered": Object {
                            "instance": <div
                              class="CardPara"
                            >
                              <p>
                                Cat meoooow i iz master of hoomaan, not hoomaan master of i, oooh damn dat dog poop on floor and watch human clean up, cough. Chase imaginary bugs rub face on everything 𝕄𝔼𝕆𝕎 the door is opening! how exciting oh, it's you, meh yet bleghbleghvomit my furball really tie the room together tuxedo cats always looking dapper and catto munch salmono.
                              </p>
                            </div>,
                            "key": undefined,
                            "nodeType": "host",
                            "props": Object {
                              "children": <p>
                                Cat meoooow i iz master of hoomaan, not hoomaan master of i, oooh damn dat dog poop on floor and watch human clean up, cough. Chase imaginary bugs rub face on everything 𝕄𝔼𝕆𝕎 the door is opening! how exciting oh, it's you, meh yet bleghbleghvomit my furball really tie the room together tuxedo cats always looking dapper and catto munch salmono.
                              </p>,
                              "className": "CardPara",
                            },
                            "ref": null,
                            "rendered": Array [
                              Object {
                                "instance": <p>
                                  Cat meoooow i iz master of hoomaan, not hoomaan master of i, oooh damn dat dog poop on floor and watch human clean up, cough. Chase imaginary bugs rub face on everything 𝕄𝔼𝕆𝕎 the door is opening! how exciting oh, it's you, meh yet bleghbleghvomit my furball really tie the room together tuxedo cats always looking dapper and catto munch salmono.
                                </p>,
                                "key": undefined,
                                "nodeType": "host",
                                "props": Object {
                                  "children": "Cat meoooow i iz master of hoomaan, not hoomaan master of i, oooh damn dat dog poop on floor and watch human clean up, cough. Chase imaginary bugs rub face on everything 𝕄𝔼𝕆𝕎 the door is opening! how exciting oh, it's you, meh yet bleghbleghvomit my furball really tie the room together tuxedo cats always looking dapper and catto munch salmono.",
                                },
                                "ref": null,
                                "rendered": Array [
                                  "Cat meoooow i iz master of hoomaan, not hoomaan master of i, oooh damn dat dog poop on floor and watch human clean up, cough. Chase imaginary bugs rub face on everything 𝕄𝔼𝕆𝕎 the door is opening! how exciting oh, it's you, meh yet bleghbleghvomit my furball really tie the room together tuxedo cats always looking dapper and catto munch salmono.",
                                ],
                                "type": "p",
                              },
                            ],
                            "type": "div",
                          },
                          "type": [Function],
                        },
                      ],
                      "type": "li",
                    },
                  ],
                  "type": "ul",
                },
              ],
              "type": "div",
            },
            "type": [Function],
          },
        ],
        "type": "div",
      },
      "type": [Function],
    },
  ],
  Symbol(enzyme.__options__): Object {
    "adapter": ReactSixteenAdapter {
      "options": Object {
        "enableComponentDidUpdateOnSetState": true,
        "legacyContextMode": "parent",
        "lifecycles": Object {
          "componentDidUpdate": Object {
            "onSetState": true,
          },
          "getChildContext": Object {
            "calledByRenderer": false,
          },
          "getDerivedStateFromError": true,
          "getDerivedStateFromProps": Object {
            "hasShouldComponentUpdateBug": false,
          },
          "getSnapshotBeforeUpdate": true,
          "setState": Object {
            "skipsComponentDidUpdateOnNullish": true,
          },
        },
      },
    },
  },
  Symbol(enzyme.__linkedRoots__): Array [],
  Symbol(enzyme.__unrendered__): <Cards />,
  Symbol(enzyme.__updatedBy__): null,
}
`;
