// Jest Snapshot v1, https://goo.gl/fbAQLP

exports[`<Cards/> Should render component 1`] = `
ReactWrapper {
  Symbol(enzyme.__renderer__): Object {
    "batchedUpdates": [Function],
    "getNode": [Function],
    "getWrappingComponentRenderer": [Function],
    "render": [Function],
    "simulateError": [Function],
    "simulateEvent": [Function],
    "unmount": [Function],
  },
  Symbol(enzyme.__root__): [Circular],
  Symbol(enzyme.__node__): Object {
    "instance": null,
    "key": undefined,
    "nodeType": "function",
    "props": Object {},
    "ref": null,
    "rendered": Object {
      "instance": <div>
        <div
          class="Card"
        >
          <div
            class="CardTitle"
          >
            <div
              class="CardImage"
            >
              <img
                src="https://placeimg.com/80/80/animals"
              />
            </div>
            <div>
              <h5>
                My Card Title
              </h5>
              <p>
                My Card Subtitle
              </p>
            </div>
          </div>
          <div>
            <img
              src="https://placeimg.com/250/200/animals"
            />
          </div>
        </div>
      </div>,
      "key": undefined,
      "nodeType": "host",
      "props": Object {
        "children": <Card />,
      },
      "ref": null,
      "rendered": Array [
        Object {
          "instance": null,
          "key": undefined,
          "nodeType": "function",
          "props": Object {},
          "ref": null,
          "rendered": Object {
            "instance": <div
              class="Card"
            >
              <div
                class="CardTitle"
              >
                <div
                  class="CardImage"
                >
                  <img
                    src="https://placeimg.com/80/80/animals"
                  />
                </div>
                <div>
                  <h5>
                    My Card Title
                  </h5>
                  <p>
                    My Card Subtitle
                  </p>
                </div>
              </div>
              <div>
                <img
                  src="https://placeimg.com/250/200/animals"
                />
              </div>
            </div>,
            "key": undefined,
            "nodeType": "host",
            "props": Object {
              "children": Array [
                <CardTitle />,
                <CardImage />,
              ],
              "className": "Card",
            },
            "ref": null,
            "rendered": Array [
              Object {
                "instance": null,
                "key": undefined,
                "nodeType": "function",
                "props": Object {},
                "ref": null,
                "rendered": Object {
                  "instance": <div
                    class="CardTitle"
                  >
                    <div
                      class="CardImage"
                    >
                      <img
                        src="https://placeimg.com/80/80/animals"
                      />
                    </div>
                    <div>
                      <h5>
                        My Card Title
                      </h5>
                      <p>
                        My Card Subtitle
                      </p>
                    </div>
                  </div>,
                  "key": undefined,
                  "nodeType": "host",
                  "props": Object {
                    "children": Array [
                      <div
                        className="CardImage"
                      >
                        <img
                          src="https://placeimg.com/80/80/animals"
                        />
                      </div>,
                      <div>
                        <h5>
                          My Card Title
                        </h5>
                        <p>
                          My Card Subtitle
                        </p>
                      </div>,
                    ],
                    "className": "CardTitle",
                  },
                  "ref": null,
                  "rendered": Array [
                    Object {
                      "instance": <div
                        class="CardImage"
                      >
                        <img
                          src="https://placeimg.com/80/80/animals"
                        />
                      </div>,
                      "key": undefined,
                      "nodeType": "host",
                      "props": Object {
                        "children": <img
                          src="https://placeimg.com/80/80/animals"
                        />,
                        "className": "CardImage",
                      },
                      "ref": null,
                      "rendered": Array [
                        Object {
                          "instance": <img
                            src="https://placeimg.com/80/80/animals"
                          />,
                          "key": undefined,
                          "nodeType": "host",
                          "props": Object {
                            "src": "https://placeimg.com/80/80/animals",
                          },
                          "ref": null,
                          "rendered": Array [
                            undefined,
                          ],
                          "type": "img",
                        },
                      ],
                      "type": "div",
                    },
                    Object {
                      "instance": <div>
                        <h5>
                          My Card Title
                        </h5>
                        <p>
                          My Card Subtitle
                        </p>
                      </div>,
                      "key": undefined,
                      "nodeType": "host",
                      "props": Object {
                        "children": Array [
                          <h5>
                            My Card Title
                          </h5>,
                          <p>
                            My Card Subtitle
                          </p>,
                        ],
                      },
                      "ref": null,
                      "rendered": Array [
                        Object {
                          "instance": <h5>
                            My Card Title
                          </h5>,
                          "key": undefined,
                          "nodeType": "host",
                          "props": Object {
                            "children": "My Card Title",
                          },
                          "ref": null,
                          "rendered": Array [
                            "My Card Title",
                          ],
                          "type": "h5",
                        },
                        Object {
                          "instance": <p>
                            My Card Subtitle
                          </p>,
                          "key": undefined,
                          "nodeType": "host",
                          "props": Object {
                            "children": "My Card Subtitle",
                          },
                          "ref": null,
                          "rendered": Array [
                            "My Card Subtitle",
                          ],
                          "type": "p",
                        },
                      ],
                      "type": "div",
                    },
                  ],
                  "type": "div",
                },
                "type": [Function],
              },
              Object {
                "instance": null,
                "key": undefined,
                "nodeType": "function",
                "props": Object {},
                "ref": null,
                "rendered": Object {
                  "instance": <div>
                    <img
                      src="https://placeimg.com/250/200/animals"
                    />
                  </div>,
                  "key": undefined,
                  "nodeType": "host",
                  "props": Object {
                    "children": <img
                      src="https://placeimg.com/250/200/animals"
                    />,
                  },
                  "ref": null,
                  "rendered": Array [
                    Object {
                      "instance": <img
                        src="https://placeimg.com/250/200/animals"
                      />,
                      "key": undefined,
                      "nodeType": "host",
                      "props": Object {
                        "src": "https://placeimg.com/250/200/animals",
                      },
                      "ref": null,
                      "rendered": Array [
                        undefined,
                      ],
                      "type": "img",
                    },
                  ],
                  "type": "div",
                },
                "type": [Function],
              },
            ],
            "type": "div",
          },
          "type": [Function],
        },
      ],
      "type": "div",
    },
    "type": [Function],
  },
  Symbol(enzyme.__nodes__): Array [
    Object {
      "instance": null,
      "key": undefined,
      "nodeType": "function",
      "props": Object {},
      "ref": null,
      "rendered": Object {
        "instance": <div>
          <div
            class="Card"
          >
            <div
              class="CardTitle"
            >
              <div
                class="CardImage"
              >
                <img
                  src="https://placeimg.com/80/80/animals"
                />
              </div>
              <div>
                <h5>
                  My Card Title
                </h5>
                <p>
                  My Card Subtitle
                </p>
              </div>
            </div>
            <div>
              <img
                src="https://placeimg.com/250/200/animals"
              />
            </div>
          </div>
        </div>,
        "key": undefined,
        "nodeType": "host",
        "props": Object {
          "children": <Card />,
        },
        "ref": null,
        "rendered": Array [
          Object {
            "instance": null,
            "key": undefined,
            "nodeType": "function",
            "props": Object {},
            "ref": null,
            "rendered": Object {
              "instance": <div
                class="Card"
              >
                <div
                  class="CardTitle"
                >
                  <div
                    class="CardImage"
                  >
                    <img
                      src="https://placeimg.com/80/80/animals"
                    />
                  </div>
                  <div>
                    <h5>
                      My Card Title
                    </h5>
                    <p>
                      My Card Subtitle
                    </p>
                  </div>
                </div>
                <div>
                  <img
                    src="https://placeimg.com/250/200/animals"
                  />
                </div>
              </div>,
              "key": undefined,
              "nodeType": "host",
              "props": Object {
                "children": Array [
                  <CardTitle />,
                  <CardImage />,
                ],
                "className": "Card",
              },
              "ref": null,
              "rendered": Array [
                Object {
                  "instance": null,
                  "key": undefined,
                  "nodeType": "function",
                  "props": Object {},
                  "ref": null,
                  "rendered": Object {
                    "instance": <div
                      class="CardTitle"
                    >
                      <div
                        class="CardImage"
                      >
                        <img
                          src="https://placeimg.com/80/80/animals"
                        />
                      </div>
                      <div>
                        <h5>
                          My Card Title
                        </h5>
                        <p>
                          My Card Subtitle
                        </p>
                      </div>
                    </div>,
                    "key": undefined,
                    "nodeType": "host",
                    "props": Object {
                      "children": Array [
                        <div
                          className="CardImage"
                        >
                          <img
                            src="https://placeimg.com/80/80/animals"
                          />
                        </div>,
                        <div>
                          <h5>
                            My Card Title
                          </h5>
                          <p>
                            My Card Subtitle
                          </p>
                        </div>,
                      ],
                      "className": "CardTitle",
                    },
                    "ref": null,
                    "rendered": Array [
                      Object {
                        "instance": <div
                          class="CardImage"
                        >
                          <img
                            src="https://placeimg.com/80/80/animals"
                          />
                        </div>,
                        "key": undefined,
                        "nodeType": "host",
                        "props": Object {
                          "children": <img
                            src="https://placeimg.com/80/80/animals"
                          />,
                          "className": "CardImage",
                        },
                        "ref": null,
                        "rendered": Array [
                          Object {
                            "instance": <img
                              src="https://placeimg.com/80/80/animals"
                            />,
                            "key": undefined,
                            "nodeType": "host",
                            "props": Object {
                              "src": "https://placeimg.com/80/80/animals",
                            },
                            "ref": null,
                            "rendered": Array [
                              undefined,
                            ],
                            "type": "img",
                          },
                        ],
                        "type": "div",
                      },
                      Object {
                        "instance": <div>
                          <h5>
                            My Card Title
                          </h5>
                          <p>
                            My Card Subtitle
                          </p>
                        </div>,
                        "key": undefined,
                        "nodeType": "host",
                        "props": Object {
                          "children": Array [
                            <h5>
                              My Card Title
                            </h5>,
                            <p>
                              My Card Subtitle
                            </p>,
                          ],
                        },
                        "ref": null,
                        "rendered": Array [
                          Object {
                            "instance": <h5>
                              My Card Title
                            </h5>,
                            "key": undefined,
                            "nodeType": "host",
                            "props": Object {
                              "children": "My Card Title",
                            },
                            "ref": null,
                            "rendered": Array [
                              "My Card Title",
                            ],
                            "type": "h5",
                          },
                          Object {
                            "instance": <p>
                              My Card Subtitle
                            </p>,
                            "key": undefined,
                            "nodeType": "host",
                            "props": Object {
                              "children": "My Card Subtitle",
                            },
                            "ref": null,
                            "rendered": Array [
                              "My Card Subtitle",
                            ],
                            "type": "p",
                          },
                        ],
                        "type": "div",
                      },
                    ],
                    "type": "div",
                  },
                  "type": [Function],
                },
                Object {
                  "instance": null,
                  "key": undefined,
                  "nodeType": "function",
                  "props": Object {},
                  "ref": null,
                  "rendered": Object {
                    "instance": <div>
                      <img
                        src="https://placeimg.com/250/200/animals"
                      />
                    </div>,
                    "key": undefined,
                    "nodeType": "host",
                    "props": Object {
                      "children": <img
                        src="https://placeimg.com/250/200/animals"
                      />,
                    },
                    "ref": null,
                    "rendered": Array [
                      Object {
                        "instance": <img
                          src="https://placeimg.com/250/200/animals"
                        />,
                        "key": undefined,
                        "nodeType": "host",
                        "props": Object {
                          "src": "https://placeimg.com/250/200/animals",
                        },
                        "ref": null,
                        "rendered": Array [
                          undefined,
                        ],
                        "type": "img",
                      },
                    ],
                    "type": "div",
                  },
                  "type": [Function],
                },
              ],
              "type": "div",
            },
            "type": [Function],
          },
        ],
        "type": "div",
      },
      "type": [Function],
    },
  ],
  Symbol(enzyme.__options__): Object {
    "adapter": ReactSixteenAdapter {
      "options": Object {
        "enableComponentDidUpdateOnSetState": true,
        "legacyContextMode": "parent",
        "lifecycles": Object {
          "componentDidUpdate": Object {
            "onSetState": true,
          },
          "getChildContext": Object {
            "calledByRenderer": false,
          },
          "getDerivedStateFromError": true,
          "getDerivedStateFromProps": Object {
            "hasShouldComponentUpdateBug": false,
          },
          "getSnapshotBeforeUpdate": true,
          "setState": Object {
            "skipsComponentDidUpdateOnNullish": true,
          },
        },
      },
    },
  },
  Symbol(enzyme.__linkedRoots__): Array [],
  Symbol(enzyme.__unrendered__): <Cards />,
  Symbol(enzyme.__updatedBy__): null,
}
`;
