// Jest Snapshot v1, https://goo.gl/fbAQLP

exports[`<App/> Should render component 1`] = `
<div>
  <Connect(Layout)>
    <Router>
      <Home
        path="/"
      />
      <Connect(Form)
        path="/category/:categoryId"
      />
    </Router>
    <Connect(Cards) />
  </Connect(Layout)>
</div>
`;
