// Jest Snapshot v1, https://goo.gl/fbAQLP

exports[`<App/> Should render component 1`] = `
<div>
  <Connect(Layout)>
    <Router>
      <Connect(Form)
        path="/category/:categoryId"
      />
      <Connect(Cards)
        path="/category/:categoryId"
      />
    </Router>
  </Connect(Layout)>
</div>
`;
